// Jest Snapshot v1, https://goo.gl/fbAQLP

exports[`NavBar Tests snapshot of nav bar hasn't changed 1`] = `
<div
  className="NavBar"
>
  <ul
    id="navLinks"
  >
    <li>
      <a
        aria-current={null}
        href="/home"
        onClick={[Function]}
      >
        Home
      </a>
    </li>
    <li>
      <a
        aria-current={null}
        href="/searchpage"
        onClick={[Function]}
      >
        Search Page
      </a>
    </li>
    <li>
      <a
        aria-current={null}
        href="/animelist"
        onClick={[Function]}
      >
        Anime List
      </a>
    </li>
  </ul>
</div>
`;
