// Jest Snapshot v1, https://goo.gl/fbAQLP

exports[`NavBar Tests snapshot of nav bar hasn't changed 1`] = `
<div
  className="NavBar"
>
  <ul
    id="navLinks"
  >
    <li>
      <a
        aria-current="page"
        className="active"
        href="/"
        onClick={[Function]}
        style={Object {}}
      >
        Home
      </a>
    </li>
    <li>
      <a
        aria-current={null}
        href="/search-page"
        onClick={[Function]}
      >
        Search Page
      </a>
    </li>
    <li>
      <a
        aria-current={null}
        href="/anime-list"
        onClick={[Function]}
      >
        Anime List
      </a>
    </li>
  </ul>
  <div
    className="HomePage"
  >
    <h3>
      Welcome to AniTracker!
    </h3>
  </div>
</div>
`;
