// Jest Snapshot v1, https://goo.gl/fbAQLP

exports[`Search Tests snapshot of search page hasn't changed 1`] = `
<div
  className="searchList"
>
  <section
    className="section"
  >
    <div>
      <div>
        <input
          className="input"
          onChange={[Function]}
          placeholder="Search..."
          type="text"
        />
        <ul />
      </div>
    </div>
  </section>
</div>
`;
